// Jest Snapshot v1, https://goo.gl/fbAQLP

exports[`BaseProject matches snapshot 1`] = `
{
  ".gitattributes": "# ~~ Generated by projen. To modify, edit .projenrc.ts and run "npx projen".

* text=auto eol=lf",
  ".gitignore": "# ~~ Generated by projen. To modify, edit .projenrc.ts and run "npx projen".
node_modules/
!/.gitattributes
!/.projen/tasks.json
!/.projen/deps.json
!/.projen/files.json
!/package.json
!/tsconfig.projen.json
!/.projenrc.ts
",
  ".projen/deps.json": {
    "//": "~~ Generated by projen. To modify, edit .projenrc.ts and run "npx projen".",
    "dependencies": [
      {
        "name": "constructs",
        "type": "build",
        "version": "^10.0.0",
      },
      {
        "name": "projen",
        "type": "build",
      },
      {
        "name": "ts-node",
        "type": "build",
      },
    ],
  },
  ".projen/files.json": {
    "//": "~~ Generated by projen. To modify, edit .projenrc.ts and run "npx projen".",
    "files": [
      ".gitattributes",
      ".gitignore",
      ".projen/deps.json",
      ".projen/files.json",
      ".projen/tasks.json",
      "tsconfig.projen.json",
    ],
  },
  ".projen/tasks.json": {
    "//": "~~ Generated by projen. To modify, edit .projenrc.ts and run "npx projen".",
    "tasks": {
      "build": {
        "description": "Full release build",
        "name": "build",
        "steps": [
          {
            "spawn": "default",
          },
          {
            "spawn": "pre-compile",
          },
          {
            "spawn": "compile",
          },
          {
            "spawn": "post-compile",
          },
          {
            "spawn": "test",
          },
          {
            "spawn": "package",
          },
        ],
      },
      "compile": {
        "description": "Only compile",
        "name": "compile",
      },
      "default": {
        "description": "Synthesize project files",
        "name": "default",
        "steps": [
          {
            "exec": "npx ts-node --project tsconfig.projen.json .projenrc.ts",
          },
        ],
      },
      "eject": {
        "description": "Remove projen from the project",
        "env": {
          "PROJEN_EJECTING": "true",
        },
        "name": "eject",
        "steps": [
          {
            "spawn": "default",
          },
        ],
      },
      "install": {
        "description": "Install project dependencies and update lockfile (non-frozen)",
        "name": "install",
        "steps": [
          {
            "exec": "npm install",
          },
        ],
      },
      "install:ci": {
        "description": "Install project dependencies using frozen lockfile",
        "name": "install:ci",
        "steps": [
          {
            "exec": "npm ci",
          },
        ],
      },
      "package": {
        "description": "Creates the distribution package",
        "name": "package",
      },
      "post-compile": {
        "description": "Runs after successful compilation",
        "name": "post-compile",
      },
      "pre-compile": {
        "description": "Prepare the project for compilation",
        "name": "pre-compile",
      },
      "test": {
        "description": "Run tests",
        "name": "test",
      },
    },
  },
  "package.json": {
    "//": "~~ Generated by projen. To modify, edit .projenrc.ts and run "npx projen".",
    "devDependencies": {
      "constructs": "^10.0.0",
      "projen": "*",
      "ts-node": "*",
    },
    "license": "UNLICENSED",
    "private": true,
    "scripts": {
      "build": "npx projen build",
      "compile": "npx projen compile",
      "default": "npx projen default",
      "eject": "npx projen eject",
      "package": "npx projen package",
      "post-compile": "npx projen post-compile",
      "pre-compile": "npx projen pre-compile",
      "test": "npx projen test",
    },
  },
  "tsconfig.projen.json": {
    "compilerOptions": {},
    "exclude": [
      "node_modules",
    ],
    "include": [
      "**/*.ts",
      ".projenrc.ts",
      "projenrc/**/*.ts",
    ],
  },
}
`;
